CONSOLE: [vite] connecting... | [vite] connected. | %cDownload the React DevTools for a better development experience: https://reactjs.org/link/react-devtools font-weight:bold | ⚠️ React Router Future Flag Warning: React Router will begin wrapping state updates in `React.startTransition` in v7. You can use the `v7_startTransition` future flag to opt-in early. For more information, see https://reactrouter.com/v6/upgrading/future#v7_starttransition. | ⚠️ React Router Future Flag Warning: Relative route resolution within Splat routes is changing in v7. You can use the `v7_relativeSplatPath` future flag to opt-in early. For more information, see https://reactrouter.com/v6/upgrading/future#v7_relativesplatpath.
BODY TEXT: スタディゲーム

進捗管理と復習をスムーズに行える、短時間クイズセッション。

クイズ
進捗
分析
プロフィール
e2etester1
ログアウト

チャレンジ

たし算スプリント

1桁のたし算でウォームアップしましょう。

スコア
0
連続正解
0
正解数
0/3
残り時間
25秒

問題 1 / 3

3 + 5 = ?
6
7
8
9
クイズ一覧に戻る
Screenshot saved
OPTIONS: ["6","7","8","9"]
